
> dl-network@ build C:\Users\1\.gemini\antigravity\scratch\dl-network
> pnpm --filter dashboard build


> dashboard@0.1.0 build C:\Users\1\.gemini\antigravity\scratch\dl-network\apps\dashboard
> next build

Attention: Next.js now collects completely anonymous telemetry regarding usage.
This information is used to shape Next.js' roadmap and prioritize features.
You can learn more, including how to opt-out if you'd not like to participate in this anonymous program, by visiting the following URL:
https://nextjs.org/telemetry

▲ Next.js 16.1.6 (Turbopack)

⚠ The "middleware" file convention is deprecated. Please use "proxy" instead. Learn more: https://nextjs.org/docs/messages/middleware-to-proxy
  Creating an optimized production build ...
✓ Compiled successfully in 10.3s
  Running TypeScript ...
  Collecting page data using 7 workers ...
  Generating static pages using 7 workers (0/9) ...
  Generating static pages using 7 workers (2/9) 
  Generating static pages using 7 workers (4/9) 
  Generating static pages using 7 workers (6/9) 
✓ Generating static pages using 7 workers (9/9) in 898.5ms
  Finalizing page optimization ...

Route (app)
┌ ○ /
├ ○ /_not-found
├ ƒ /domains
├ ○ /domains/new
├ ○ /login
├ ƒ /projects
├ ƒ /projects/[id]
├ ƒ /projects/[id]/edit
└ ○ /projects/new


ƒ Proxy (Middleware)

○  (Static)   prerendered as static content
ƒ  (Dynamic)  server-rendered on demand

